src/components/home/CTASection.tsx(41,19): error TS2322: Type '{ children: Element; asChild: true; className: string; }' is not assignable to type 'IntrinsicAttributes & ButtonProps & VariantProps<(props?: (ConfigVariants<{ variant: { default: string; outline: string; secondary: string; ghost: string; destructive: string; link: string; }; size: { ...; }; }> & ClassProp) | undefined) => string>'.
  Property 'asChild' does not exist on type 'IntrinsicAttributes & ButtonProps & VariantProps<(props?: (ConfigVariants<{ variant: { default: string; outline: string; secondary: string; ghost: string; destructive: string; link: string; }; size: { ...; }; }> & ClassProp) | undefined) => string>'.
src/components/home/HeroSection.tsx(65,19): error TS2322: Type '{ children: Element; asChild: true; className: string; }' is not assignable to type 'IntrinsicAttributes & ButtonProps & VariantProps<(props?: (ConfigVariants<{ variant: { default: string; outline: string; secondary: string; ghost: string; destructive: string; link: string; }; size: { ...; }; }> & ClassProp) | undefined) => string>'.
  Property 'asChild' does not exist on type 'IntrinsicAttributes & ButtonProps & VariantProps<(props?: (ConfigVariants<{ variant: { default: string; outline: string; secondary: string; ghost: string; destructive: string; link: string; }; size: { ...; }; }> & ClassProp) | undefined) => string>'.
src/components/home/HeroSection.tsx(68,19): error TS2322: Type '{ children: Element; asChild: true; variant: "outline"; className: string; }' is not assignable to type 'IntrinsicAttributes & ButtonProps & VariantProps<(props?: (ConfigVariants<{ variant: { default: string; outline: string; secondary: string; ghost: string; destructive: string; link: string; }; size: { ...; }; }> & ClassProp) | undefined) => string>'.
  Property 'asChild' does not exist on type 'IntrinsicAttributes & ButtonProps & VariantProps<(props?: (ConfigVariants<{ variant: { default: string; outline: string; secondary: string; ghost: string; destructive: string; link: string; }; size: { ...; }; }> & ClassProp) | undefined) => string>'.
src/components/layout/Footer.tsx(2,10): error TS2305: Module '"lucide-react"' has no exported member 'Instagram'.
src/components/layout/Footer.tsx(2,21): error TS2305: Module '"lucide-react"' has no exported member 'Linkedin'.
src/components/layout/Footer.tsx(2,31): error TS2305: Module '"lucide-react"' has no exported member 'Facebook'.
src/components/layout/Navbar.tsx(102,27): error TS2322: Type '{ children: Element; asChild: true; }' is not assignable to type 'IntrinsicAttributes & Props<unknown>'.
  Property 'asChild' does not exist on type 'IntrinsicAttributes & Props<unknown>'.
src/components/tiles/FilterSidebar.tsx(11,26): error TS2307: Cannot find module '@/components/ui/checkbox' or its corresponding type declarations.
src/components/tiles/FilterSidebar.tsx(43,12): error TS2345: Argument of type 'string[] | null' is not assignable to parameter of type 'string[]'.
  Type 'null' is not assignable to type 'string[]'.
src/components/tiles/FilterSidebar.tsx(52,22): error TS2322: Type '{ children: Element[]; type: string; defaultValue: string[]; className: string; }' is not assignable to type 'IntrinsicAttributes & Props<any>'.
  Property 'type' does not exist on type 'IntrinsicAttributes & Props<any>'.
src/components/tiles/FilterSidebar.tsx(100,19): error TS2322: Type '{ defaultValue: number[]; max: number; step: number; onValueCommit: (val: any) => Promise<URLSearchParams>; className: string; }' is not assignable to type 'IntrinsicAttributes & Props<number | readonly number[]>'.
  Property 'onValueCommit' does not exist on type 'IntrinsicAttributes & Props<number | readonly number[]>'. Did you mean 'onValueCommitted'?
src/components/tiles/FilterSidebar.tsx(100,35): error TS7006: Parameter 'val' implicitly has an 'any' type.
